// Jest Snapshot v1, https://goo.gl/fbAQLP

exports[`<Home /> should open modal 1`] = `
.c1 {
  max-width: 1100px;
  margin: 0 auto;
}

.c7 {
  display: none;
  cursor: pointer;
  background-color: #FABA40;
  margin: 0.8rem;
  padding: 0.8rem;
  border-radius: 0.4rem;
}

.c2 {
  display: -webkit-box;
  display: -webkit-flex;
  display: -ms-flexbox;
  display: flex;
  -webkit-align-items: center;
  -webkit-box-align: center;
  -ms-flex-align: center;
  align-items: center;
}

.c3 {
  display: -webkit-box;
  display: -webkit-flex;
  display: -ms-flexbox;
  display: flex;
  -webkit-flex: 1;
  -ms-flex: 1;
  flex: 1;
  -webkit-box-pack: space-around;
  -webkit-justify-content: space-around;
  -ms-flex-pack: space-around;
  justify-content: space-around;
  -webkit-align-items: center;
  -webkit-box-align: center;
  -ms-flex-align: center;
  align-items: center;
  color: #FFFFFF;
  font-weight: 700;
}

.c8 {
  display: -webkit-box;
  display: -webkit-flex;
  display: -ms-flexbox;
  display: flex;
  -webkit-box-pack: end;
  -webkit-justify-content: flex-end;
  -ms-flex-pack: end;
  justify-content: flex-end;
}

.c5 {
  text-align: center;
  font-family: 'Montserrat';
  font-size: 1.4rem;
  color: #FFFFFF;
  cursor: pointer;
}

.c9 {
  border: 2px solid #FABA40;
  border-radius: 30px;
  background-color: transparent;
  color: #FABA40;
  font-weight: 700;
  padding: 1.6rem;
}

.c11 {
  border: 2px solid #FFFFFF;
  border-radius: 30px;
  background-color: transparent;
  color: #FFFFFF;
  font-weight: 700;
  padding: 1.6rem;
}

.c10 {
  cursor: pointer;
  margin: 0.8rem;
  font-size: 1.4rem;
  font-weight: 700;
}

.c0 {
  background-color: #222222;
  padding: 1rem;
}

.c0 input {
  display: none;
}

.c0 .c4 {
  display: -webkit-box;
  display: -webkit-flex;
  display: -ms-flexbox;
  display: flex;
}

@media (max-width:768px) {
  .c7 {
    display: block;
    color: white;
    font-style: normal;
  }
}

@media (max-width:768px) {
  .c2 {
    -webkit-flex-direction: column;
    -ms-flex-direction: column;
    flex-direction: column;
  }
}

@media (max-width:768px) {
  .c3 {
    -webkit-flex-direction: column;
    -ms-flex-direction: column;
    flex-direction: column;
    width: 100%;
    padding: 0 1rem;
  }
}

@media (max-width:768px) {
  .c5 {
    padding: 0.8rem 0;
    border-bottom: 1px solid #4b4b4b;
    -webkit-flex-direction: column;
    -ms-flex-direction: column;
    flex-direction: column;
    width: 100%;
    padding: 1rem;
    display: none;
  }
}

@media (max-width:768px) {
  .c6 {
    display: -webkit-box;
    display: -webkit-flex;
    display: -ms-flexbox;
    display: flex;
    -webkit-flex-direction: row;
    -ms-flex-direction: row;
    flex-direction: row;
    -webkit-box-pack: justify;
    -webkit-justify-content: space-between;
    -ms-flex-pack: justify;
    justify-content: space-between;
    padding: 0;
    border: 0;
  }
}

@media (max-width:768px) {
  .c9 {
    width: 100%;
    margin-top: 1rem;
    -webkit-box-pack: center;
    -webkit-justify-content: center;
    -ms-flex-pack: center;
    justify-content: center;
    padding: 0.8rem;
    display: none;
  }
}

@media (max-width:768px) {
  .c11 {
    width: 100%;
    margin-top: 1rem;
    -webkit-box-pack: center;
    -webkit-justify-content: center;
    -ms-flex-pack: center;
    justify-content: center;
    padding: 0.8rem;
    display: none;
  }
}

@media (max-width:768px) {
  .c10 {
    display: none;
  }
}

@media (max-width:768px) {

}

@media (max-width:768px) {

}

@media (max-width:768px) {

}

@media (min-width:1200px) {

}

@media (min-width:992px) {

}

<header
  class="c0"
>
  <nav
    class="c1"
  >
    <div
      class="c2"
    >
      <div
        class="c3"
      >
        <div
          class="c4 c5 c6"
        >
          <img
            alt="Beer or Coffee"
            src="/img/logo.png"
          />
          <label
            class="c7"
            data-testid="open-menu"
          >
            ☰
          </label>
        </div>
        <div
          class="c5 animate__animated  "
        >
          Espaços de Coworking
        </div>
        <div
          class="c5 animate__animated  "
        >
          Planos
        </div>
        <div
          class="c5 animate__animated  "
        >
          Descontos
        </div>
      </div>
      <div
        class="c3 c8 animate__animated  "
      >
        <button
          class="c9"
        >
          Adiquirir um Plano
        </button>
        <span
          class="c10"
        >
          Empresas
        </span>
        <button
          class="c11"
          color="white"
        >
          Oi, Thiago
        </button>
      </div>
    </div>
  </nav>
</header>
`;
